// Jest Snapshot v1, https://goo.gl/fbAQLP

exports[`Should display a full Board 1`] = `
<DocumentFragment>
  <table>
    <tbody>
      <tr>
        <td
          class="Cell Cell-lit"
        />
        <td
          class="Cell Cell-lit"
        />
        <td
          class="Cell Cell-lit"
        />
        <td
          class="Cell Cell-lit"
        />
        <td
          class="Cell Cell-lit"
        />
      </tr>
      <tr>
        <td
          class="Cell Cell-lit"
        />
        <td
          class="Cell Cell-lit"
        />
        <td
          class="Cell Cell-lit"
        />
        <td
          class="Cell Cell-lit"
        />
        <td
          class="Cell Cell-lit"
        />
      </tr>
      <tr>
        <td
          class="Cell Cell-lit"
        />
        <td
          class="Cell Cell-lit"
        />
        <td
          class="Cell Cell-lit"
        />
        <td
          class="Cell Cell-lit"
        />
        <td
          class="Cell Cell-lit"
        />
      </tr>
      <tr>
        <td
          class="Cell Cell-lit"
        />
        <td
          class="Cell Cell-lit"
        />
        <td
          class="Cell Cell-lit"
        />
        <td
          class="Cell Cell-lit"
        />
        <td
          class="Cell Cell-lit"
        />
      </tr>
      <tr>
        <td
          class="Cell Cell-lit"
        />
        <td
          class="Cell Cell-lit"
        />
        <td
          class="Cell Cell-lit"
        />
        <td
          class="Cell Cell-lit"
        />
        <td
          class="Cell Cell-lit"
        />
      </tr>
    </tbody>
  </table>
</DocumentFragment>
`;

exports[`Should display an empty Board 1`] = `
<DocumentFragment>
  <div>
    <h2>
      You've won!
    </h2>
  </div>
</DocumentFragment>
`;
